C51 COMPILER V9.59.0.0   SYSTEM                                                            12/10/2018 15:44:55 PAGE 1   


C51 COMPILER V9.59.0.0, COMPILATION OF MODULE SYSTEM
OBJECT MODULE PLACED IN .\Objects\system.obj
COMPILER INVOKED BY: E:\MDK\C51\BIN\C51.EXE ..\user\system.c OPTIMIZE(8,SPEED) BROWSE INCDIR(..\bsp\key;..\bsp;..\lib;..
                    -\TimeOut;..\user) DEBUG OBJECTEXTEND PRINT(.\Listings\system.lst) OBJECT(.\Objects\system.obj)

line level    source

   1          #include "system.h"
   2          
   3          TIMEOUT_PARA TimeOut_Para[2];
   4          unsigned char Data;
   5          unsigned char App_Flag;
   6          
   7          /************************发热布变量定义*************************************/
   8          unsigned char Heat_Flag;
   9          unsigned int  Heat_Cnt;
  10          unsigned char Heat_Cnt30Min_Flag;
  11          unsigned int  Heat_Cnt30Min;
  12          unsigned int  App_Heat_Cnt1s;
  13          /***************************************************************************/
  14          
  15          /************************马达变量定义***************************************/
  16          unsigned char Mass_Flag;
  17          unsigned int  Mass_Cnt;
  18          unsigned char Mass_Cnt30Min_Flag;
  19          unsigned int  Mass_Cnt30Min;
  20          unsigned int  App_Mass_Cnt1s;
  21          /***************************************************************************/
  22          
  23          /************************脚灯变量定义***************************************/
  24          unsigned char Foot_Led_Flag;
  25          unsigned int  Foot_Led_Cnt;
  26          /***************************************************************************/
  27          void Key_Handle(unsigned char Get_Key)
  28          {  
  29   1          /*****************************************************************************************************
             -*************************************/
  30   1          /**************************************************************马达、发热布、脚灯、双推***************
             -*************************************/ 
  31   1          /*****************************************************************************************************
             -*************************************/ 
  32   1          if(TEST_PIN == 1)
  33   1          {
  34   2              if(Get_Key == MSG_KEY_NONE)
  35   2              {
  36   3                 Rev_Data_Handle();
  37   3                 if(!App_Flag)
  38   3                 {
  39   4                    App_Flag = 1;
  40   4                    Data = STOP;  
  41   4                 }
  42   3                 Mass_Flag     = 0;
  43   3                 Heat_Flag     = 0;
  44   3                 Foot_Led_Flag = 0;
  45   3              }
  46   2              else if(Get_Key == MSG_KEY1_LONGPRESS)//K7
  47   2              {
  48   3                 App_Flag  = 0;
  49   3                 Data = HEAD_UP;        
  50   3              }
  51   2              else if(Get_Key == MSG_KEY2_LONGPRESS)//K5
C51 COMPILER V9.59.0.0   SYSTEM                                                            12/10/2018 15:44:55 PAGE 2   

  52   2              {
  53   3                 App_Flag  = 0;
  54   3                 Data = HEAD_DOWN;     
  55   3              }
  56   2              else if(Get_Key == MSG_KEY3_LONGPRESS)//K4
  57   2              {
  58   3                 App_Flag  = 0;
  59   3                 Data = CLOSE;         
  60   3              }
  61   2              else if(Get_Key == MSG_KEY4_LONGPRESS)//K6
  62   2              {
  63   3                 App_Flag  = 0;
  64   3                 Data = OPEN;               
  65   3              }
  66   2              else if(Get_Key == MSG_KEY5_LONGPRESS_HD)//K1
  67   2              {
  68   3                 App_Flag  = 0;
  69   3                 Data = HOME_POSITION;         
  70   3              }
  71   2              else if(Get_Key == MSG_KEY6_PRESS)//K2
  72   2              {
  73   3                 
  74   3                  if(!Mass_Flag)
  75   3                  {
  76   4                     App_Flag  = 1;
  77   4                     Mass_Flag = 1;
  78   4                     ++ Mass_Cnt;
  79   4                     if(Mass_Cnt & 0x01)
  80   4                     {
  81   5                        Mass_Cnt30Min_Flag = True;
  82   5                        Mass_Cnt30Min = 0;          //计数清0
  83   5                        App_Mass_Cnt1s = 0;         //计数清0
  84   5                        Data = MASS_OPEN; 
  85   5                        LED1_SET(0);                  
  86   5                     }   
  87   4                     else
  88   4                     {
  89   5                        Mass_Cnt30Min_Flag = False;
  90   5                        Data = MASS_CLOSE;  
  91   5                        LED1_SET(0);                
  92   5                     }               
  93   4                  } 
  94   3                   #if 0
                          if(!Foot_Led_Flag)
                          {
                             App_Flag  = 1;
                             Foot_Led_Flag = 1;
                             ++ Foot_Led_Cnt;
                             if(Foot_Led_Cnt & 0x01)
                             {
                                Data = FOOT_LIGHT_OPEN; 
                             }
                             else 
                             {
                                Data = FOOT_LIGHT_CLOSE; 
                             }
                          } 
                          #endif             
 110   3              }
 111   2              else if(Get_Key == MSG_KEY7_PRESS)//K3
 112   2              {
 113   3                 if(!Heat_Flag)
C51 COMPILER V9.59.0.0   SYSTEM                                                            12/10/2018 15:44:55 PAGE 3   

 114   3                 {
 115   4                     App_Flag  = 1;
 116   4                     Heat_Flag = 1;
 117   4                     ++ Heat_Cnt;
 118   4                     if(Heat_Cnt & 0x01)
 119   4                     {
 120   5                       App_Heat_Cnt1s = 0; 
 121   5                       Heat_Cnt30Min  = 0;
 122   5                       Heat_Cnt30Min_Flag = True;
 123   5                       Data = HEAT_ON;
 124   5                       LED2_SET(1);               
 125   5                     }
 126   4                     else
 127   4                     {
 128   5                       Heat_Cnt30Min_Flag = False;  
 129   5                       Data = HEAT_OFF;
 130   5                       LED2_SET(0); 
 131   5                     }
 132   4                 }            
 133   3              }
 134   2              #if 1
 135   2              else if(Get_Key == MSG_KEY5_SHORT_PRESS)
 136   2              {
 137   3                  if(!Foot_Led_Flag)
 138   3                  {
 139   4                     App_Flag  = 1;
 140   4                     Foot_Led_Flag = 1;
 141   4                     ++ Foot_Led_Cnt;
 142   4                     if(Foot_Led_Cnt & 0x01)
 143   4                     {
 144   5                        Data = FOOT_LIGHT_OPEN; 
 145   5                     }
 146   4                     else 
 147   4                     {
 148   5                        Data = FOOT_LIGHT_CLOSE; 
 149   5                     }
 150   4                  }
 151   3              }
 152   2              #endif
 153   2          }        
 154   1          /*****************************************************************************************************
             -*************************************/
 155   1          /**************************************************************三推，脚灯/复位按键复用****************
             -************************************/ 
 156   1          /*****************************************************************************************************
             -*************************************/ 
 157   1          else
 158   1          {
 159   2              if(Get_Key == MSG_KEY_NONE)
 160   2              {
 161   3                 Rev_Data_Handle();
 162   3                 if(!App_Flag)
 163   3                 {
 164   4                    App_Flag = 1;
 165   4                    Data = STOP;  
 166   4                 }
 167   3                 Mass_Flag     = 0;
 168   3                 Heat_Flag     = 0;
 169   3                 Foot_Led_Flag = 0;
 170   3              }
 171   2              else if(Get_Key == MSG_KEY1_LONGPRESS)//K7
 172   2              {
C51 COMPILER V9.59.0.0   SYSTEM                                                            12/10/2018 15:44:55 PAGE 4   

 173   3                 App_Flag  = 0;
 174   3                 Data = HEAD_DOWN;        
 175   3              }
 176   2              else if(Get_Key == MSG_KEY2_LONGPRESS)//K5
 177   2              {
 178   3                 App_Flag  = 0;
 179   3                 Data = HEAD_UP;     
 180   3              }
 181   2              else if(Get_Key == MSG_KEY3_LONGPRESS)//K4
 182   2              {
 183   3                 App_Flag  = 0;
 184   3                 Data = OPEN;         
 185   3              }
 186   2              else if(Get_Key == MSG_KEY4_LONGPRESS)//K6
 187   2              {
 188   3                 App_Flag  = 0;
 189   3                 Data = CLOSE;               
 190   3              }
 191   2              else if(Get_Key == MSG_KEY5_LONGPRESS_HD)//K1
 192   2              {
 193   3                 App_Flag  = 0;
 194   3                 Data = HOME_POSITION;         
 195   3              }
 196   2              else if(Get_Key == MSG_KEY6_PRESS)//K2
 197   2              {
 198   3                 if(!Heat_Flag)
 199   3                 {
 200   4                     App_Flag  = 1;
 201   4                     Heat_Flag = 1;
 202   4                     ++ Heat_Cnt;
 203   4                     if(Heat_Cnt & 0x01)
 204   4                     {
 205   5                       App_Heat_Cnt1s = 0; 
 206   5                       Heat_Cnt30Min  = 0;
 207   5                       Heat_Cnt30Min_Flag = True;
 208   5                       Data = HEAT_ON;
 209   5                       LED1_SET(1);               
 210   5                     }
 211   4                     else
 212   4                     {
 213   5                       Heat_Cnt30Min_Flag = False;  
 214   5                       Data = HEAT_OFF;
 215   5                       LED1_SET(0); 
 216   5                     }
 217   4                 }             
 218   3              }
 219   2              else if(Get_Key == MSG_KEY7_PRESS)//K3
 220   2              {
 221   3                 if(!Mass_Flag)
 222   3                  {
 223   4                     App_Flag  = 1;
 224   4                     Mass_Flag = 1;
 225   4                     ++ Mass_Cnt;
 226   4                     if(Mass_Cnt & 0x01)
 227   4                     {
 228   5                        Mass_Cnt30Min_Flag = True;
 229   5                        Mass_Cnt30Min = 0;          //计数清0
 230   5                        App_Mass_Cnt1s = 0;         //计数清0
 231   5                        Data = MASS_OPEN; 
 232   5                        LED2_SET(0);                  
 233   5                     }   
 234   4                     else
C51 COMPILER V9.59.0.0   SYSTEM                                                            12/10/2018 15:44:55 PAGE 5   

 235   4                     {
 236   5                        Mass_Cnt30Min_Flag = False;
 237   5                        Data = MASS_CLOSE;  
 238   5                        LED2_SET(0);                
 239   5                     }               
 240   4                  } 
 241   3                   #if 0
                          if(!Foot_Led_Flag)
                          {
                             App_Flag  = 1;
                             Foot_Led_Flag = 1;
                             ++ Foot_Led_Cnt;
                             if(Foot_Led_Cnt & 0x01)
                             {
                                Data = FOOT_LIGHT_OPEN; 
                             }
                             else 
                             {
                                Data = FOOT_LIGHT_CLOSE; 
                             }
                          } 
                          #endif            
 257   3              }
 258   2              else if(Get_Key == MSG_KEY5_SHORT_PRESS)
 259   2              {
 260   3                  if(!Foot_Led_Flag)
 261   3                  {
 262   4                     App_Flag  = 1;
 263   4                     Foot_Led_Flag = 1;
 264   4                     ++ Foot_Led_Cnt;
 265   4                     if(Foot_Led_Cnt & 0x01)
 266   4                     {
 267   5                        Data = FOOT_LIGHT_OPEN; 
 268   5                     }
 269   4                     else 
 270   4                     {
 271   5                        Data = FOOT_LIGHT_CLOSE; 
 272   5                     }
 273   4                  }
 274   3              }
 275   2          }
 276   1      }
 277          
 278          
 279          void System_Init(void)
 280          {
 281   1        TimeOutDet_Init();
 282   1        Timer_Init();
 283   1        Uart_Init(9600);
 284   1        Led_App_Handle(LED_NUM);
 285   1        Test_Init();
 286   1        Key_Init();
 287   1        Key_Register(Key_Handle);
 288   1        WDTCON |= 0X40;
 289   1        EA = 1;
 290   1      }
 291          
 292          void System_Handle(void)
 293          {
 294   1         WDTCON |= 0X40;
 295   1         Key_Poll();
 296   1         if(TimeOutDet_Check(&TimeOut_Para[0]))
C51 COMPILER V9.59.0.0   SYSTEM                                                            12/10/2018 15:44:55 PAGE 6   

 297   1         {
 298   2            TimeOut_Record(&TimeOut_Para[0],OnLine_Time); 
 299   2            Protocol_Send(SEND_ADDR,SEND_ID,Data);         
 300   2         }
 301   1      }
 302          
 303          /**************************************************
 304          *函数名称：void timer0/1/2() interrupt 1/3/5
 305          *函数功能：定时器中断产生方波
 306          *入口参数：void
 307          *出口参数：void
 308          **************************************************/
 309          void timer0() interrupt 1
 310          {
 311   1        extern unsigned int Mass_Cnt;
 312   1        extern unsigned int Heat_Cnt;
 313   1        extern unsigned int Foot_Led_Cnt;
 314   1        TL0 = (65536 - 6000)%256;
 315   1        TH0 = (65536 - 6000)/256;
 316   1        TimeOutDet_DecHandle();
 317   1        /***********************马达定时关闭*************************/
 318   1        if(Mass_Cnt30Min_Flag)
 319   1        {
 320   2           App_Mass_Cnt1s ++; 
 321   2        }      
 322   1        if(App_Mass_Cnt1s > 1000)
 323   1        {
 324   2           App_Mass_Cnt1s = 0;
 325   2           Mass_Cnt30Min ++;      
 326   2        }
 327   1        /**************************发热布定时关闭************************************/
 328   1        if(Heat_Cnt30Min_Flag)
 329   1        {
 330   2          App_Heat_Cnt1s ++; 
 331   2        }
 332   1        if(App_Heat_Cnt1s > 1000)
 333   1        {
 334   2           App_Heat_Cnt1s = 0; 
 335   2           Heat_Cnt30Min ++;
 336   2        }
 337   1        if(Heat_Cnt30Min > 60/*3600*/)
 338   1        {
 339   2           App_Heat_Cnt1s = 0; 
 340   2           Heat_Cnt30Min  = 0;
 341   2           Heat_Cnt30Min_Flag = False;
 342   2               App_Flag = 1;
 343   2           Data = HEAT_OFF;
 344   2           LED1_SET(0); 
 345   2           Heat_Cnt = 0;
 346   2        }
 347   1        if(Mass_Cnt30Min > 120/*3600*/)
 348   1        {
 349   2           Mass_Cnt30Min = 0; 
 350   2           App_Mass_Cnt1s = 0;     
 351   2           Mass_Cnt30Min_Flag = False;
 352   2               App_Flag = 1;
 353   2           Data = MASS_CLOSE;  
 354   2           LED2_SET(0);
 355   2           Mass_Cnt = 0;
 356   2        }
 357   1      }
 358          
C51 COMPILER V9.59.0.0   SYSTEM                                                            12/10/2018 15:44:55 PAGE 7   

 359          void timer1() interrupt 3
 360          {
 361   1      
 362   1      }
 363          
 364          void Timer2Int(void) interrupt 5
 365          {               
 366   1              TF2 = 0;   //溢出清零
 367   1       
 368   1      }
 369          
 370          


MODULE INFORMATION:   STATIC OVERLAYABLE
   CODE SIZE        =    770    ----
   CONSTANT SIZE    =   ----    ----
   XDATA SIZE       =   ----    ----
   PDATA SIZE       =   ----    ----
   DATA SIZE        =     37       1
   IDATA SIZE       =   ----    ----
   BIT SIZE         =   ----    ----
END OF MODULE INFORMATION.


C51 COMPILATION COMPLETE.  0 WARNING(S),  0 ERROR(S)
